Microchip MPLAB XC8 Compiler V2.30

Linker command line:

-W-3 --edf=C:\Program Files\Microchip\xc8\v2.30\pic\dat\en_msgs.txt -cn \
  -h+dist/default/production\my_project.production.sym \
  --cmf=dist/default/production\my_project.production.cmf -z -Q18F4620 \
  -oC:\Users\sayr3\AppData\Local\Temp\s9lkx2 --defsym=__MPLAB_BUILD=1 \
  -Mdist/default/production/my_project.production.map -E1 -ver=XC8 Compiler \
  --acfsm=1493 -ASTACK=0126h-0F7Fh -pstack=STACK -ACODE=00h-0FFFFh \
  -ACONST=00h-0FFFFh -ASMALLCONST=01000h-010FFhx240 \
  -AMEDIUMCONST=01000h-0FFFFh -ACOMRAM=01h-07Fh -AABS1=00h-0F7Fh \
  -ABIGRAM=01h-0F7Fh -ARAM=080h-0FFh,0100h-01FFhx14,0F00h-0F7Fh \
  -ABANK0=080h-0FFh -ABANK1=0100h-01FFh -ABANK2=0200h-02FFh \
  -ABANK3=0300h-03FFh -ABANK4=0400h-04FFh -ABANK5=0500h-05FFh \
  -ABANK6=0600h-06FFh -ABANK7=0700h-07FFh -ABANK8=0800h-08FFh \
  -ABANK9=0900h-09FFh -ABANK10=0A00h-0AFFh -ABANK11=0B00h-0BFFh \
  -ABANK12=0C00h-0CFFh -ABANK13=0D00h-0DFFh -ABANK14=0E00h-0EFFh \
  -ABANK15=0F00h-0F7Fh -ASFR=0F80h-0FFFh -ACONFIG=0300000h-030000Dh \
  -AIDLOC=0200000h-0200007h -AEEDATA=0F00000h-0F003FFh -peeprom_data=EEDATA \
  -preset_vec=00h,intcode=08h,intcodelo,powerup,init -pramtop=01000h \
  -psmallconst=SMALLCONST -pmediumconst=MEDIUMCONST -pconst=CONST \
  -AFARRAM=00h-00h \
  -prdata=COMRAM,nvrram=COMRAM,nvbit=COMRAM,rbss=COMRAM,rbit=COMRAM \
  -pfarbss=FARRAM,fardata=FARRAM,nvFARRAM=FARRAM \
  -pintsave_regs=BIGRAM,bigbss=BIGRAM,bigdata=BIGRAM -pbss=RAM \
  -pidata=CODE,irdata=CODE,ibigdata=CODE,ifardata=CODE -prparam=COMRAM \
  C:\Users\sayr3\AppData\Local\Temp\s9lkx8.o \
  dist/default/production\my_project.production.o 

Object code version is 3.11

Machine type is 18F4620



                Name                               Link     Load   Length Selector   Space Scale
C:\Users\sayr3\AppData\Local\Temp\s9lkx8.o
                idloc                            200000   200000        8        0       5
                config                           300000   300000        E        0       4
                init                                  E        E        4        4       0
                reset_vec                             0        0        4        0       0
dist/default/production\my_project.production.o
                intcode                               8        8        6        4       0
                idloc                            200000   200000        8        0       5
                config                           300000   300000        E        0       4
                temp                                 67       67        1        1       1
                smallconst                         1000     1000        6      800       0
                text44                             2FE0     2FE0        2     174B       0
                text43                             2FDC     2FDC        4     174B       0
                text42                             2FD8     2FD8        4     174B       0
                text41                             2FD4     2FD4        4     174B       0
                text40                             2FD0     2FD0        4     174B       0
                text39                             2FCC     2FCC        4     174B       0
                text38                             2FC8     2FC8        4     174B       0
                text37                             2FC4     2FC4        4     174B       0
                text36                             2FC0     2FC0        4     174B       0
                text35                             2FBC     2FBC        4     174B       0
                text34                             2FB8     2FB8        4     174B       0
                text33                             2FB4     2FB4        4     174B       0
                text32                             2FB0     2FB0        4     174B       0
                text31                             2FAC     2FAC        4     174B       0
                text30                             2F74     2F74        C     174B       0
                text29                             2F68     2F68        C     174B       0
                text28                             2F9C     2F9C        8     174B       0
                text27                             2F5C     2F5C        C     174B       0
                text26                             2FA8     2FA8        4     174B       0
                text25                             2F94     2F94        8     174B       0
                text24                             2F8A     2F8A        A     174B       0
                text23                             2E96     2E96       4E     174B       0
                text22                             2EE4     2EE4       36     174B       0
                text21                             259C     259C      140      803       0
                text20                             2C64     2C64       84      803       0
                text19                             2BE0     2BE0       84      803       0
                text18                             29F2     29F2       C4      803       0
                text17                             2AB6     2AB6       A0      803       0
                text16                             2FA4     2FA4        4     174B       0
                intcode_body                       19DC     19DC      3C6      803       0
                text14                             22F0     22F0      162      803       0
                text13                             2452     2452      14A      803       0
                text12                             2B56     2B56       8A      803       0
                text11                             2D6A     2D6A       80      803       0
                text10                             2F42     2F42        E     174B       0
                text9                              26DC     26DC      11C      803       0
                text8                              28FE     28FE       F4      803       0
                text7                              151A     151A      4C2      803       0
                text6                              1DA2     1DA2      39A      803       0
                text5                              27F8     27F8      106      803       0
                text4                              213C     213C      1B4      803       0
                text3                              1006     1006      514      803       0
                text2                              2DEA     2DEA       58      803       0
                text1                              2F1A     2F1A       18     174B       0
                text0                              2F50     2F50        C     174B       0
                cstackCOMRAM                          1        1       47        1       1
                cstackBANK0                          FD       FD        2       80       1
                cstackBANK1                         100      100       16      100       1
                dataBANK1                           116      116       10      100       1
                dataBANK0                            80       80       53       80       1
                bssBANK0                             D3       D3       2A       80       1
                dataCOMRAM                           5D       5D        A        1       1
                bssCOMRAM                            48       48       15        1       1
                cinit                              2CE8     2CE8       82      803       0
                nvBANK0                              FF       FF        1       80       1
                idataBANK1                         2F32     2F32       10     174B       0
                idataBANK0                         2E42     2E42       53      803       0
                idataCOMRAM                        2F80     2F80        A     174B       0

TOTAL           Name                               Link     Load   Length     Space
        CLASS   STACK          

        CLASS   CODE           
                intcode                               8        8        6         0
                init                                  E        E        4         0
                reset_vec                             0        0        4         0
                text44                             2FE0     2FE0        2         0
                text43                             2FDC     2FDC        4         0
                text42                             2FD8     2FD8        4         0
                text41                             2FD4     2FD4        4         0
                text40                             2FD0     2FD0        4         0
                text39                             2FCC     2FCC        4         0
                text38                             2FC8     2FC8        4         0
                text37                             2FC4     2FC4        4         0
                text36                             2FC0     2FC0        4         0
                text35                             2FBC     2FBC        4         0
                text34                             2FB8     2FB8        4         0
                text33                             2FB4     2FB4        4         0
                text32                             2FB0     2FB0        4         0
                text31                             2FAC     2FAC        4         0
                text30                             2F74     2F74        C         0
                text29                             2F68     2F68        C         0
                text28                             2F9C     2F9C        8         0
                text27                             2F5C     2F5C        C         0
                text26                             2FA8     2FA8        4         0
                text25                             2F94     2F94        8         0
                text24                             2F8A     2F8A        A         0
                text23                             2E96     2E96       4E         0
                text22                             2EE4     2EE4       36         0
                text21                             259C     259C      140         0
                text20                             2C64     2C64       84         0
                text19                             2BE0     2BE0       84         0
                text18                             29F2     29F2       C4         0
                text17                             2AB6     2AB6       A0         0
                text16                             2FA4     2FA4        4         0
                intcode_body                       19DC     19DC      3C6         0
                text14                             22F0     22F0      162         0
                text13                             2452     2452      14A         0
                text12                             2B56     2B56       8A         0
                text11                             2D6A     2D6A       80         0
                text10                             2F42     2F42        E         0
                text9                              26DC     26DC      11C         0
                text8                              28FE     28FE       F4         0
                text7                              151A     151A      4C2         0
                text6                              1DA2     1DA2      39A         0
                text5                              27F8     27F8      106         0
                text4                              213C     213C      1B4         0
                text3                              1006     1006      514         0
                text2                              2DEA     2DEA       58         0
                text1                              2F1A     2F1A       18         0
                text0                              2F50     2F50        C         0
                cinit                              2CE8     2CE8       82         0
                idataBANK1                         2F32     2F32       10         0
                idataBANK0                         2E42     2E42       53         0
                idataCOMRAM                        2F80     2F80        A         0

        CLASS   CONST          

        CLASS   SMALLCONST     
                smallconst                         1000     1000        6         0

        CLASS   MEDIUMCONST    

        CLASS   COMRAM         
                temp                                 67       67        1         1
                cstackCOMRAM                          1        1       47         1
                dataCOMRAM                           5D       5D        A         1
                bssCOMRAM                            48       48       15         1

        CLASS   ABS1           

        CLASS   BIGRAM         

        CLASS   RAM            

        CLASS   BANK0          
                cstackBANK0                          FD       FD        2         1
                dataBANK0                            80       80       53         1
                bssBANK0                             D3       D3       2A         1
                nvBANK0                              FF       FF        1         1

        CLASS   BANK1          
                cstackBANK1                         100      100       16         1
                dataBANK1                           116      116       10         1

        CLASS   BANK2          

        CLASS   BANK3          

        CLASS   BANK4          

        CLASS   BANK5          

        CLASS   BANK6          

        CLASS   BANK7          

        CLASS   BANK8          

        CLASS   BANK9          

        CLASS   BANK10         

        CLASS   BANK11         

        CLASS   BANK12         

        CLASS   BANK13         

        CLASS   BANK14         

        CLASS   BANK15         

        CLASS   SFR            

        CLASS   CONFIG         
                config                           300000   300000        E         4

        CLASS   IDLOC          
                idloc                            200000   200000        8         5

        CLASS   EEDATA         

        CLASS   FARRAM         



SEGMENTS        Name                           Load    Length   Top    Selector   Space  Class

                reset_vec                      000000  000004  000004         0       0  CODE    
                cstackCOMRAM                   000001  000067  000068         1       1  COMRAM  
                intcode                        000008  00000A  000012         4       0  CODE    
                dataBANK0                      000080  000080  000100        80       1  BANK0   
                cstackBANK1                    000100  000026  000126       100       1  BANK1   
                smallconst                     001000  000006  001006       800       0  SMALLCON
                text3                          001006  001E8F  002E95       803       0  CODE    
                text23                         002E96  00014C  002FE2      174B       0  CODE    


UNUSED ADDRESS RANGES

        Name                Unused          Largest block    Delta
        BANK1            000126-0001FF               DA
        BANK10           000A00-000AFF              100
        BANK11           000B00-000BFF              100
        BANK12           000C00-000CFF              100
        BANK13           000D00-000DFF              100
        BANK14           000E00-000EFF              100
        BANK15           000F00-000F7F               80
        BANK2            000200-0002FF              100
        BANK3            000300-0003FF              100
        BANK4            000400-0004FF              100
        BANK5            000500-0005FF              100
        BANK6            000600-0006FF              100
        BANK7            000700-0007FF              100
        BANK8            000800-0008FF              100
        BANK9            000900-0009FF              100
        BIGRAM           000068-00007F               18
                         000126-000F7F              E5A
        CODE             000004-000007                4
                         000012-000FFF              FEE
                         002E95-002E95                1
                         002FE2-00FFFF             D01E
        COMRAM           000068-00007F               18
        CONST            000004-000007                4
                         000012-000FFF              FEE
                         002E95-002E95                1
                         002FE2-00FFFF             D01E
        EEDATA           F00000-F003FF              400
        MEDIUMCONST      002E95-002E95                1
                         002FE2-00FFFF             D01E
        RAM              000126-000F7F              100
        SFR              000F80-000FFF               80
        SMALLCONST       002E95-002E95                1
                         002FE2-00FFFF              100
        STACK            000126-000F7F              E5A

                                  Symbol Table

?___fladd                                    cstackCOMRAM 000040
?___fldiv                                    cstackCOMRAM 000027
?___fltol                                    cstackCOMRAM 000019
?___xxtofl                                   cstackCOMRAM 000019
CCP_compare_mode_set_value@F3087             bssBANK0     0000F5
EUSART_ASYNC_INIT@_usart                     cstackBANK1  000113
EUSART_ASYNC_INIT@ret                        cstackBANK1  000115
EUSART_ASYNC_READBYTE_NON_blocking@_usart    cstackCOMRAM 000001
EUSART_ASYNC_READBYTE_NON_blocking@_value    cstackCOMRAM 000003
EUSART_ASYNC_READBYTE_NON_blocking@ret       cstackCOMRAM 000005
EUSART_ASYNC_WRITEBYTE_blocking@_data        cstackCOMRAM 000003
EUSART_ASYNC_WRITEBYTE_blocking@_usart       cstackCOMRAM 000001
EUSART_ASYNC_WRITEBYTE_blocking@ret          cstackCOMRAM 000004
EUSART_ASYN_RX_CONFG@_usart                  cstackCOMRAM 000019
EUSART_ASYN_RX_CONFG@ret                     cstackCOMRAM 00001B
EUSART_ASYN_TX_CONFG@_usart                  cstackCOMRAM 000019
EUSART_ASYN_TX_CONFG@ret                     cstackCOMRAM 00001B
EUSART_BRG_CONFG@_usart                      cstackBANK0  0000FD
EUSART_BRG_CONFG@baud_rate_temp              cstackBANK1  00010B
EUSART_BRG_CONFG@ret                         cstackBANK1  00010A
_ADCON0bits                                  (abs)        000FC2
_ADCON1bits                                  (abs)        000FC1
_ADCON2bits                                  (abs)        000FC0
_ADC_INTERRUPT_HANDLER                       bssBANK0     0000FB
_ADC_ISR                                     text44       002FE0
_ADRESH                                      (abs)        000FC4
_ADRESL                                      (abs)        000FC3
_BAUDCONbits                                 (abs)        000FB8
_CCP1CONbits                                 (abs)        000FBD
_CCP1_INTERRUPT_HANDLER                      bssBANK0     0000F9
_CCP1_ISR                                    text43       002FDC
_CCP2CONbits                                 (abs)        000FBA
_CCP2_INTERRUPT_HANDLER                      bssBANK0     0000F7
_CCP2_ISR                                    text42       002FD8
_CCPR1H                                      (abs)        000FBF
_CCPR1L                                      (abs)        000FBE
_CCPR2H                                      (abs)        000FBC
_CCPR2L                                      (abs)        000FBB
_ECUAL_peripherals_initialization            text10       002F42
_EEADR                                       (abs)        000FA9
_EEADRH                                      (abs)        000FAA
_EECON1bits                                  (abs)        000FA6
_EECON2                                      (abs)        000FA7
_EEDATA                                      (abs)        000FA8
_EUSART_ASYNC_INIT                           text2        002DEA
_EUSART_ASYNC_READBYTE_NON_blocking          text23       002E96
_EUSART_ASYNC_RX_RESET                       text25       002F94
_EUSART_ASYNC_WRITEBYTE_blocking             text22       002EE4
_EUSART_ASYN_RX_CONFG                        text9        0026DC
_EUSART_ASYN_TX_CONFG                        text8        0028FE
_EUSART_BRG_CONFG                            text3        001006
_EUSART_BRG_CONFG$4864                       cstackBANK1  00010F
_EUSART_FERROR_ISR_APP                       text26       002FA8
_EUSART_OERROR_ISR_APP                       text24       002F8A
_EUSART_RX_ISR_APP                           text18       0029F2
_INT0_INTERRUPT_HANDLER                      bssBANK0     0000F3
_INT0_ISR                                    text41       002FD4
_INT1_INTERRUPT_HANDLER                      bssBANK0     0000F1
_INT1_ISR                                    text40       002FD0
_INT2_INTERRUPT_HANDLER                      bssBANK0     0000EF
_INT2_ISR                                    text39       002FCC
_INTCON2bits                                 (abs)        000FF1
_INTCON3bits                                 (abs)        000FF0
_INTCONbits                                  (abs)        000FF2
_INTERRUPT_MANGER                            intcode      000008
_LATA                                        (abs)        000F89
_LATB                                        (abs)        000F8A
_LATC                                        (abs)        000F8B
_LATD                                        (abs)        000F8C
_LATE                                        (abs)        000F8D
_PIE1bits                                    (abs)        000F9D
_PIE2bits                                    (abs)        000FA0
_PIR1bits                                    (abs)        000F9E
_PIR2bits                                    (abs)        000FA1
_PORTA                                       (abs)        000F80
_PORTB                                       (abs)        000F81
_PORTBbits                                   (abs)        000F81
_PORTC                                       (abs)        000F82
_PORTD                                       (abs)        000F83
_PORTE                                       (abs)        000F84
_PR2                                         (abs)        000FCB
_RB4_INTERRUPT_HANDLER_HIGH                  bssBANK0     0000ED
_RB4_INTERRUPT_HANDLER_LOW                   bssBANK0     0000EB
_RB4_ISR_HIGH                                text38       002FC8
_RB4_ISR_LOW                                 text37       002FC4
_RB4_flag                                    dataCOMRAM   000060
_RB5_INTERRUPT_HANDLER_HIGH                  bssBANK0     0000E9
_RB5_INTERRUPT_HANDLER_LOW                   bssBANK0     0000E7
_RB5_ISR_HIGH                                text36       002FC0
_RB5_ISR_LOW                                 text35       002FBC
_RB5_flag                                    dataCOMRAM   00005F
_RB6_INTERRUPT_HANDLER_HIGH                  bssBANK0     0000E5
_RB6_INTERRUPT_HANDLER_LOW                   bssBANK0     0000E3
_RB6_ISR_HIGH                                text34       002FB8
_RB6_ISR_LOW                                 text33       002FB4
_RB6_flag                                    dataCOMRAM   00005E
_RB7_INTERRUPT_HANDLER_HIGH                  bssBANK0     0000E1
_RB7_INTERRUPT_HANDLER_LOW                   bssBANK0     0000DF
_RB7_ISR_HIGH                                text32       002FB0
_RB7_ISR_LOW                                 text31       002FAC
_RB7_flag                                    dataCOMRAM   00005D
_RCREG                                       (abs)        000FAE
_RCSTAbits                                   (abs)        000FAB
_SPBRG                                       (abs)        000FAF
_SPBRGH                                      (abs)        000FB0
_T0CONbits                                   (abs)        000FD5
_T1CONbits                                   (abs)        000FCD
_T2CONbits                                   (abs)        000FCA
_T3CONbits                                   (abs)        000FB1
_TIMER0_INTERRUPT_HANDLER                    bssBANK0     0000DD
_TIMER0_ISR                                  text30       002F74
_TIMER1_INTERRUPT_HANDLER                    bssBANK0     0000DB
_TIMER1_ISR                                  text29       002F68
_TIMER2_INTERRUPT_HANDLER                    bssBANK0     0000D9
_TIMER2_ISR                                  text28       002F9C
_TIMER3_INTERRUPT_HANDLER                    bssBANK0     0000D7
_TIMER3_ISR                                  text27       002F5C
_TMR0H                                       (abs)        000FD7
_TMR0L                                       (abs)        000FD6
_TMR1H                                       (abs)        000FCF
_TMR1L                                       (abs)        000FCE
_TMR2                                        (abs)        000FCC
_TMR3H                                       (abs)        000FB3
_TMR3L                                       (abs)        000FB2
_TRISA                                       (abs)        000F92
_TRISB                                       (abs)        000F93
_TRISC                                       (abs)        000F94
_TRISCbits                                   (abs)        000F94
_TRISD                                       (abs)        000F95
_TRISE                                       (abs)        000F96
_TXREG                                       (abs)        000FAD
_TXSTAbits                                   (abs)        000FAC
_Timer0_preloaded_value                      bssCOMRAM    000050
_Timer1_preloaded_value                      bssCOMRAM    00004E
_Timer2_preloaded_value                      bssCOMRAM    000052
_Timer3_preloaded_value                      bssCOMRAM    00004C
_USART_ASYNC_FERRO_HANDLER                   bssCOMRAM    000048
_USART_ASYNC_OERRO_HANDLER                   bssBANK0     0000D3
_USART_ASYNC_RX_INTERRUPT_HANDLER            bssCOMRAM    00004A
_USART_ASYNC_TX_INTERRUPT_HANDLER            bssBANK0     0000D5
_USART_ASYN_RX_ISR                           text17       002AB6
_USART_ASYN_TX_ISR                           text16       002FA4
__HRAM                                       (abs)        000000
__Habs1                                      abs1         000000
__Hbank0                                     bank0        000000
__Hbank1                                     bank1        000000
__Hbank10                                    bank10       000000
__Hbank11                                    bank11       000000
__Hbank12                                    bank12       000000
__Hbank13                                    bank13       000000
__Hbank14                                    bank14       000000
__Hbank15                                    bank15       000000
__Hbank2                                     bank2        000000
__Hbank3                                     bank3        000000
__Hbank4                                     bank4        000000
__Hbank5                                     bank5        000000
__Hbank6                                     bank6        000000
__Hbank7                                     bank7        000000
__Hbank8                                     bank8        000000
__Hbank9                                     bank9        000000
__Hbigbss                                    bigbss       000000
__Hbigdata                                   bigdata      000000
__Hbigram                                    bigram       000000
__Hbss                                       bss          000000
__HbssBANK0                                  bssBANK0     000000
__HbssCOMRAM                                 bssCOMRAM    000000
__Hcinit                                     cinit        000000
__Hclrtext                                   clrtext      000000
__Hcomram                                    comram       000000
__Hconfig                                    config       30000E
__Hconst                                     const        000000
__HcstackBANK0                               cstackBANK0  000000
__HcstackBANK1                               cstackBANK1  000000
__HcstackCOMRAM                              cstackCOMRAM 000000
__Hdata                                      data         000000
__HdataBANK0                                 dataBANK0    000000
__HdataBANK1                                 dataBANK1    000000
__HdataCOMRAM                                dataCOMRAM   000000
__Heeprom_data                               eeprom_data  000000
__Hfarbss                                    farbss       000000
__Hfardata                                   fardata      000000
__Hibigdata                                  ibigdata     000000
__Hidata                                     idata        000000
__HidataBANK0                                idataBANK0   000000
__HidataBANK1                                idataBANK1   000000
__HidataCOMRAM                               idataCOMRAM  000000
__Hidloc                                     idloc        200008
__Hifardata                                  ifardata     000000
__Hinit                                      init         000012
__Hintcode                                   intcode      00000E
__Hintcode_body                              intcode_body 000000
__Hintcodelo                                 intcodelo    00000E
__Hintentry                                  intentry     000000
__Hintret                                    intret       000000
__Hintsave_regs                              intsave_regs 000000
__Hirdata                                    irdata       000000
__Hmediumconst                               mediumconst  000000
__HnvBANK0                                   nvBANK0      000000
__HnvFARRAM                                  nvFARRAM     000000
__Hnvbit                                     nvbit        000000
__Hnvrram                                    nvrram       000000
__Hparam                                     rparam       000000
__Hpowerup                                   powerup      00000E
__Hram                                       ram          000000
__Hramtop                                    ramtop       001000
__Hrbit                                      rbit         000000
__Hrbss                                      rbss         000000
__Hrdata                                     rdata        000000
__Hreset_vec                                 reset_vec    000004
__Hrparam                                    rparam       000000
__Hsfr                                       sfr          000000
__Hsmallconst                                smallconst   001006
__Hspace_0                                   (abs)        002FE2
__Hspace_1                                   (abs)        000126
__Hspace_2                                   (abs)        000000
__Hspace_4                                   (abs)        60000E
__Hstack                                     stack        000000
__Hstruct                                    struct       000000
__Htemp                                      temp         000068
__Htext                                      text         000000
__Htext0                                     text0        000000
__Htext1                                     text1        000000
__Htext10                                    text10       000000
__Htext11                                    text11       000000
__Htext12                                    text12       000000
__Htext13                                    text13       000000
__Htext14                                    text14       000000
__Htext16                                    text16       000000
__Htext17                                    text17       000000
__Htext18                                    text18       000000
__Htext19                                    text19       000000
__Htext2                                     text2        000000
__Htext20                                    text20       000000
__Htext21                                    text21       000000
__Htext22                                    text22       000000
__Htext23                                    text23       000000
__Htext24                                    text24       000000
__Htext25                                    text25       000000
__Htext26                                    text26       000000
__Htext27                                    text27       000000
__Htext28                                    text28       000000
__Htext29                                    text29       000000
__Htext3                                     text3        000000
__Htext30                                    text30       000000
__Htext31                                    text31       000000
__Htext32                                    text32       000000
__Htext33                                    text33       000000
__Htext34                                    text34       000000
__Htext35                                    text35       000000
__Htext36                                    text36       000000
__Htext37                                    text37       000000
__Htext38                                    text38       000000
__Htext39                                    text39       000000
__Htext4                                     text4        000000
__Htext40                                    text40       000000
__Htext41                                    text41       000000
__Htext42                                    text42       000000
__Htext43                                    text43       000000
__Htext44                                    text44       000000
__Htext45                                    text45       000000
__Htext5                                     text5        000000
__Htext6                                     text6        000000
__Htext7                                     text7        000000
__Htext8                                     text8        000000
__Htext9                                     text9        000000
__LRAM                                       (abs)        000001
__Labs1                                      abs1         000000
__Lbank0                                     bank0        000000
__Lbank1                                     bank1        000000
__Lbank10                                    bank10       000000
__Lbank11                                    bank11       000000
__Lbank12                                    bank12       000000
__Lbank13                                    bank13       000000
__Lbank14                                    bank14       000000
__Lbank15                                    bank15       000000
__Lbank2                                     bank2        000000
__Lbank3                                     bank3        000000
__Lbank4                                     bank4        000000
__Lbank5                                     bank5        000000
__Lbank6                                     bank6        000000
__Lbank7                                     bank7        000000
__Lbank8                                     bank8        000000
__Lbank9                                     bank9        000000
__Lbigbss                                    bigbss       000000
__Lbigdata                                   bigdata      000000
__Lbigram                                    bigram       000000
__Lbss                                       bss          000000
__LbssBANK0                                  bssBANK0     000000
__LbssCOMRAM                                 bssCOMRAM    000000
__Lcinit                                     cinit        000000
__Lclrtext                                   clrtext      000000
__Lcomram                                    comram       000000
__Lconfig                                    config       000000
__Lconst                                     const        000000
__LcstackBANK0                               cstackBANK0  000000
__LcstackBANK1                               cstackBANK1  000000
__LcstackCOMRAM                              cstackCOMRAM 000000
__Ldata                                      data         000000
__LdataBANK0                                 dataBANK0    000000
__LdataBANK1                                 dataBANK1    000000
__LdataCOMRAM                                dataCOMRAM   000000
__Leeprom_data                               eeprom_data  000000
__Lfarbss                                    farbss       000000
__Lfardata                                   fardata      000000
__Libigdata                                  ibigdata     000000
__Lidata                                     idata        000000
__LidataBANK0                                idataBANK0   000000
__LidataBANK1                                idataBANK1   000000
__LidataCOMRAM                               idataCOMRAM  000000
__Lidloc                                     idloc        000000
__Lifardata                                  ifardata     000000
__Linit                                      init         00000E
__Lintcode                                   intcode      000008
__Lintcode_body                              intcode_body 000000
__Lintcodelo                                 intcodelo    00000E
__Lintentry                                  intentry     000000
__Lintret                                    intret       000000
__Lintsave_regs                              intsave_regs 000000
__Lirdata                                    irdata       000000
__Lmediumconst                               mediumconst  000000
__LnvBANK0                                   nvBANK0      000000
__LnvFARRAM                                  nvFARRAM     000000
__Lnvbit                                     nvbit        000000
__Lnvrram                                    nvrram       000000
__Lparam                                     rparam       000000
__Lpowerup                                   powerup      00000E
__Lram                                       ram          000000
__Lramtop                                    ramtop       001000
__Lrbit                                      rbit         000000
__Lrbss                                      rbss         000000
__Lrdata                                     rdata        000000
__Lreset_vec                                 reset_vec    000000
__Lrparam                                    rparam       000000
__Lsfr                                       sfr          000000
__Lsmallconst                                smallconst   001000
__Lspace_0                                   (abs)        000000
__Lspace_1                                   (abs)        000000
__Lspace_2                                   (abs)        000000
__Lspace_4                                   (abs)        000000
__Lstack                                     stack        000000
__Lstruct                                    struct       000000
__Ltemp                                      temp         000067
__Ltext                                      text         000000
__Ltext0                                     text0        000000
__Ltext1                                     text1        000000
__Ltext10                                    text10       000000
__Ltext11                                    text11       000000
__Ltext12                                    text12       000000
__Ltext13                                    text13       000000
__Ltext14                                    text14       000000
__Ltext16                                    text16       000000
__Ltext17                                    text17       000000
__Ltext18                                    text18       000000
__Ltext19                                    text19       000000
__Ltext2                                     text2        000000
__Ltext20                                    text20       000000
__Ltext21                                    text21       000000
__Ltext22                                    text22       000000
__Ltext23                                    text23       000000
__Ltext24                                    text24       000000
__Ltext25                                    text25       000000
__Ltext26                                    text26       000000
__Ltext27                                    text27       000000
__Ltext28                                    text28       000000
__Ltext29                                    text29       000000
__Ltext3                                     text3        000000
__Ltext30                                    text30       000000
__Ltext31                                    text31       000000
__Ltext32                                    text32       000000
__Ltext33                                    text33       000000
__Ltext34                                    text34       000000
__Ltext35                                    text35       000000
__Ltext36                                    text36       000000
__Ltext37                                    text37       000000
__Ltext38                                    text38       000000
__Ltext39                                    text39       000000
__Ltext4                                     text4        000000
__Ltext40                                    text40       000000
__Ltext41                                    text41       000000
__Ltext42                                    text42       000000
__Ltext43                                    text43       000000
__Ltext44                                    text44       000000
__Ltext45                                    text45       000000
__Ltext5                                     text5        000000
__Ltext6                                     text6        000000
__Ltext7                                     text7        000000
__Ltext8                                     text8        000000
__Ltext9                                     text9        000000
__S0                                         (abs)        002FE2
__S1                                         (abs)        000126
__S2                                         (abs)        000000
__S4                                         (abs)        000000
__S5                                         (abs)        000000
___fladd                                     text7        00151A
___fladd@a                                   cstackCOMRAM 000044
___fladd@aexp                                cstackBANK1  000105
___fladd@b                                   cstackCOMRAM 000040
___fladd@bexp                                cstackBANK1  000106
___fladd@grs                                 cstackBANK1  000107
___fladd@signs                               cstackBANK1  000104
___fldiv                                     text6        001DA2
___fldiv@a                                   cstackCOMRAM 00002B
___fldiv@aexp                                cstackCOMRAM 00003F
___fldiv@b                                   cstackCOMRAM 000027
___fldiv@bexp                                cstackCOMRAM 00003E
___fldiv@grs                                 cstackCOMRAM 00003A
___fldiv@new_exp                             cstackCOMRAM 000038
___fldiv@rem                                 cstackCOMRAM 000033
___fldiv@sign                                cstackCOMRAM 000037
___fltol                                     text5        0027F8
___fltol@exp1                                cstackCOMRAM 000022
___fltol@f1                                  cstackCOMRAM 000019
___fltol@sign1                               cstackCOMRAM 000021
___inthi_sp                                  stack        000000
___intlo_sp                                  stack        000000
___param_bank                                (abs)        000000
___rparam_used                               (abs)        000001
___sp                                        stack        000000
___xxtofl                                    text4        00213C
___xxtofl@arg                                cstackCOMRAM 000023
___xxtofl@exp                                cstackCOMRAM 000022
___xxtofl@sign                               cstackCOMRAM 000021
___xxtofl@val                                cstackCOMRAM 000019
__accesstop                                  (abs)        000080
__activetblptr                               (abs)        000003
__end_of_ADC_ISR                             text44       002FE2
__end_of_CCP1_ISR                            text43       002FE0
__end_of_CCP2_ISR                            text42       002FDC
__end_of_ECUAL_peripherals_initialization    text10       002F50
__end_of_EUSART_ASYNC_INIT                   text2        002E42
__end_of_EUSART_ASYNC_READBYTE_NON_blocking  text23       002EE4
__end_of_EUSART_ASYNC_RX_RESET               text25       002F9C
__end_of_EUSART_ASYNC_WRITEBYTE_blocking     text22       002F1A
__end_of_EUSART_ASYN_RX_CONFG                text9        0027F8
__end_of_EUSART_ASYN_TX_CONFG                text8        0029F2
__end_of_EUSART_BRG_CONFG                    text3        00151A
__end_of_EUSART_FERROR_ISR_APP               text26       002FAC
__end_of_EUSART_OERROR_ISR_APP               text24       002F94
__end_of_EUSART_RX_ISR_APP                   text18       002AB6
__end_of_INT0_ISR                            text41       002FD8
__end_of_INT1_ISR                            text40       002FD4
__end_of_INT2_ISR                            text39       002FD0
__end_of_INTERRUPT_MANGER                    intcode_body 001DA2
__end_of_RB4_ISR_HIGH                        text38       002FCC
__end_of_RB4_ISR_LOW                         text37       002FC8
__end_of_RB5_ISR_HIGH                        text36       002FC4
__end_of_RB5_ISR_LOW                         text35       002FC0
__end_of_RB6_ISR_HIGH                        text34       002FBC
__end_of_RB6_ISR_LOW                         text33       002FB8
__end_of_RB7_ISR_HIGH                        text32       002FB4
__end_of_RB7_ISR_LOW                         text31       002FB0
__end_of_TIMER0_ISR                          text30       002F80
__end_of_TIMER1_ISR                          text29       002F74
__end_of_TIMER2_ISR                          text28       002FA4
__end_of_TIMER3_ISR                          text27       002F68
__end_of_USART_ASYN_RX_ISR                   text17       002B56
__end_of_USART_ASYN_TX_ISR                   text16       002FA8
__end_of___fladd                             text7        0019DC
__end_of___fldiv                             text6        00213C
__end_of___fltol                             text5        0028FE
__end_of___xxtofl                            text4        0022F0
__end_of__initialization                     cinit        002D60
__end_of_general_initialization              text1        002F32
__end_of_gpio_pin__ALL_initaliztion          text12       002BE0
__end_of_gpio_pin_direction_initalize        text14       002452
__end_of_gpio_pin_write_logic                text13       00259C
__end_of_led_intialize                       text11       002DEA
__end_of_led_turn_off                        text20       002CE8
__end_of_led_turn_on                         text19       002C64
__end_of_main                                text0        002F5C
__end_ofi2_gpio_pin_write_logic              text21       0026DC
__initialization                             cinit        002CE8
__mediumconst                                mediumconst  000000
__pbssBANK0                                  bssBANK0     0000D3
__pbssCOMRAM                                 bssCOMRAM    000048
__pcinit                                     cinit        002CE8
__pcstackBANK0                               cstackBANK0  0000FD
__pcstackBANK1                               cstackBANK1  000100
__pcstackCOMRAM                              cstackCOMRAM 000001
__pdataBANK0                                 dataBANK0    000080
__pdataBANK1                                 dataBANK1    000116
__pdataCOMRAM                                dataCOMRAM   00005D
__pidataBANK0                                idataBANK0   002E42
__pidataBANK1                                idataBANK1   002F32
__pidataCOMRAM                               idataCOMRAM  002F80
__pintcode                                   intcode      000008
__pintcode_body                              intcode_body 0019DC
__pnvBANK0                                   nvBANK0      0000FF
__psmallconst                                smallconst   001000
__ptext0                                     text0        002F50
__ptext1                                     text1        002F1A
__ptext10                                    text10       002F42
__ptext11                                    text11       002D6A
__ptext12                                    text12       002B56
__ptext13                                    text13       002452
__ptext14                                    text14       0022F0
__ptext16                                    text16       002FA4
__ptext17                                    text17       002AB6
__ptext18                                    text18       0029F2
__ptext19                                    text19       002BE0
__ptext2                                     text2        002DEA
__ptext20                                    text20       002C64
__ptext21                                    text21       00259C
__ptext22                                    text22       002EE4
__ptext23                                    text23       002E96
__ptext24                                    text24       002F8A
__ptext25                                    text25       002F94
__ptext26                                    text26       002FA8
__ptext27                                    text27       002F5C
__ptext28                                    text28       002F9C
__ptext29                                    text29       002F68
__ptext3                                     text3        001006
__ptext30                                    text30       002F74
__ptext31                                    text31       002FAC
__ptext32                                    text32       002FB0
__ptext33                                    text33       002FB4
__ptext34                                    text34       002FB8
__ptext35                                    text35       002FBC
__ptext36                                    text36       002FC0
__ptext37                                    text37       002FC4
__ptext38                                    text38       002FC8
__ptext39                                    text39       002FCC
__ptext4                                     text4        00213C
__ptext40                                    text40       002FD0
__ptext41                                    text41       002FD4
__ptext42                                    text42       002FD8
__ptext43                                    text43       002FDC
__ptext44                                    text44       002FE0
__ptext45                                    text45       000000
__ptext5                                     text5        0027F8
__ptext6                                     text6        001DA2
__ptext7                                     text7        00151A
__ptext8                                     text8        0028FE
__ptext9                                     text9        0026DC
__ramtop                                     ramtop       001000
__size_of_ADC_ISR                            (abs)        000000
__size_of_CCP1_ISR                           (abs)        000000
__size_of_CCP2_ISR                           (abs)        000000
__size_of_ECUAL_peripherals_initialization   (abs)        000000
__size_of_EUSART_ASYNC_INIT                  (abs)        000000
__size_of_EUSART_ASYNC_READBYTE_NON_blocking (abs)        000000
__size_of_EUSART_ASYNC_RX_RESET              (abs)        000000
__size_of_EUSART_ASYNC_WRITEBYTE_blocking    (abs)        000000
__size_of_EUSART_ASYN_RX_CONFG               (abs)        000000
__size_of_EUSART_ASYN_TX_CONFG               (abs)        000000
__size_of_EUSART_BRG_CONFG                   (abs)        000000
__size_of_EUSART_FERROR_ISR_APP              (abs)        000000
__size_of_EUSART_OERROR_ISR_APP              (abs)        000000
__size_of_EUSART_RX_ISR_APP                  (abs)        000000
__size_of_INT0_ISR                           (abs)        000000
__size_of_INT1_ISR                           (abs)        000000
__size_of_INT2_ISR                           (abs)        000000
__size_of_INTERRUPT_MANGER                   (abs)        000000
__size_of_RB4_ISR_HIGH                       (abs)        000000
__size_of_RB4_ISR_LOW                        (abs)        000000
__size_of_RB5_ISR_HIGH                       (abs)        000000
__size_of_RB5_ISR_LOW                        (abs)        000000
__size_of_RB6_ISR_HIGH                       (abs)        000000
__size_of_RB6_ISR_LOW                        (abs)        000000
__size_of_RB7_ISR_HIGH                       (abs)        000000
__size_of_RB7_ISR_LOW                        (abs)        000000
__size_of_TIMER0_ISR                         (abs)        000000
__size_of_TIMER1_ISR                         (abs)        000000
__size_of_TIMER2_ISR                         (abs)        000000
__size_of_TIMER3_ISR                         (abs)        000000
__size_of_USART_ASYN_RX_ISR                  (abs)        000000
__size_of_USART_ASYN_TX_ISR                  (abs)        000000
__size_of___fladd                            (abs)        000000
__size_of___fldiv                            (abs)        000000
__size_of___fltol                            (abs)        000000
__size_of___xxtofl                           (abs)        000000
__size_of_general_initialization             (abs)        000000
__size_of_gpio_pin__ALL_initaliztion         (abs)        000000
__size_of_gpio_pin_direction_initalize       (abs)        000000
__size_of_gpio_pin_write_logic               (abs)        000000
__size_of_led_intialize                      (abs)        000000
__size_of_led_turn_off                       (abs)        000000
__size_of_led_turn_on                        (abs)        000000
__size_of_main                               (abs)        000000
__size_ofi2_gpio_pin_write_logic             (abs)        000000
__smallconst                                 smallconst   001000
_but_active_high                             dataCOMRAM   000064
_but_active_low                              dataCOMRAM   000063
_general_initialization                      text1        002F1A
_gpio_pin__ALL_initaliztion                  text12       002B56
_gpio_pin_direction_initalize                text14       0022F0
_gpio_pin_write_logic                        text13       002452
_keyp1                                       dataBANK0    0000A9
_keypad_symbols                              dataBANK1    000116
_lat_regisrers                               dataBANK0    00008B
_lcd1                                        dataBANK0    0000B1
_lcd2                                        dataBANK0    000080
_led1                                        dataCOMRAM   000066
_led2                                        dataCOMRAM   000065
_led_intialize                               text11       002D6A
_led_turn_off                                text20       002C64
_led_turn_on                                 text19       002BE0
_main                                        text0        002F50
_motor1                                      dataBANK0    0000BF
_motor2                                      dataBANK0    0000BD
_port_regisrers                              dataBANK0    000095
_recived_value                               bssCOMRAM    00005C
_ret                                         nvBANK0      0000FF
_segment1_enable                             dataCOMRAM   000062
_segment2_enable                             dataCOMRAM   000061
_seven_segment1                              dataBANK0    0000B8
_tris_regisrers                              dataBANK0    00009F
_usart_int_obj2                              dataBANK0    0000C1
btemp                                        temp         000067
button_intialization@F3010                   bssCOMRAM    00005B
button_read_status@F3016                     bssCOMRAM    00005A
end_of_initialization                        cinit        002D60
gpio_pin__ALL_initaliztion@pin_confg         cstackCOMRAM 000023
gpio_pin__ALL_initaliztion@ret               cstackCOMRAM 000026
gpio_pin_direction_initalize@pin_confg       cstackCOMRAM 000019
gpio_pin_direction_initalize@ret             cstackCOMRAM 000021
gpio_pin_write_logic@logic                   cstackCOMRAM 00001B
gpio_pin_write_logic@pin_confg               cstackCOMRAM 000019
gpio_pin_write_logic@ret                     cstackCOMRAM 000022
i2_gpio_pin_write_logic                      text21       00259C
i2gpio_pin_write_logic@logic                 cstackCOMRAM 000003
i2gpio_pin_write_logic@pin_confg             cstackCOMRAM 000001
int$flags                                    temp         000067
int_func                                     intcode_body 0019DC
intlevel0                                    text         000000
intlevel1                                    text         000000
intlevel2                                    text         000000
intlevel3                                    text         000000
led_intialize@F3009                          bssCOMRAM    000059
led_intialize@led_confg                      cstackCOMRAM 000027
led_intialize@pin_confg                      cstackCOMRAM 00002B
led_intialize@ret                            cstackCOMRAM 00002A
led_turn_off@F3019                           bssCOMRAM    000057
led_turn_off@led_confg                       cstackCOMRAM 00000B
led_turn_off@pin_confg                       cstackCOMRAM 00000F
led_turn_off@ret                             cstackCOMRAM 00000E
led_turn_on@F3014                            bssCOMRAM    000058
led_turn_on@led_confg                        cstackCOMRAM 00000B
led_turn_on@pin_confg                        cstackCOMRAM 00000F
led_turn_on@ret                              cstackCOMRAM 00000E
led_turn_toggle@F3024                        bssCOMRAM    000056
relay_deenergization@F3017                   bssCOMRAM    000053
relay_energization@F3012                     bssCOMRAM    000054
relay_initialization@F3007                   bssCOMRAM    000055
stackhi                                      (abs)        000F7F
stacklo                                      (abs)        000126
start                                        init         00000E
start_initialization                         cinit        002CE8
ttemp5                                       temp         000068
ttemp6                                       temp         00006B
ttemp7                                       temp         00006F
wtemp8                                       temp         000068


FUNCTION INFORMATION:

 *************** function _main *****************
 Defined at:
		line 37 in file "application_main.c"
 Parameters:    Size  Location     Type
		None
 Auto vars:     Size  Location     Type
		None
 Return value:  Size  Location     Type
                  2  1652[None  ] int 
 Registers used:
		wreg, fsr2l, fsr2h, status,2, status,0, prodl, prodh, cstack
 Tracked objects:
		On entry : 
		On exit  : 
		Unchanged: 
 Data sizes:     COMRAM   BANK0   BANK1   BANK2   BANK3   BANK4   BANK5   BANK6   BANK7   BANK8   BANK9  BANK10  BANK11  BANK12  BANK13  BANK14  BANK15
      Params:         0       0       0       0       0       0       0       0       0       0       0       0       0       0       0       0       0
      Locals:         0       0       0       0       0       0       0       0       0       0       0       0       0       0       0       0       0
      Temps:          0       0       0       0       0       0       0       0       0       0       0       0       0       0       0       0       0
      Totals:         0       0       0       0       0       0       0       0       0       0       0       0       0       0       0       0       0
Total ram usage:        0 bytes
 Hardware stack levels required when called:   10
 This function calls:
		_general_initialization
 This function is called by:
		Startup code after reset
 This function uses a non-reentrant model


 *************** function _general_initialization *****************
 Defined at:
		line 75 in file "application_main.c"
 Parameters:    Size  Location     Type
		None
 Auto vars:     Size  Location     Type
		None
 Return value:  Size  Location     Type
                  1    wreg      void 
 Registers used:
		wreg, fsr2l, fsr2h, status,2, status,0, prodl, prodh, cstack
 Tracked objects:
		On entry : 
		On exit  : 
		Unchanged: 
 Data sizes:     COMRAM   BANK0   BANK1   BANK2   BANK3   BANK4   BANK5   BANK6   BANK7   BANK8   BANK9  BANK10  BANK11  BANK12  BANK13  BANK14  BANK15
      Params:         0       0       0       0       0       0       0       0       0       0       0       0       0       0       0       0       0
      Locals:         0       0       0       0       0       0       0       0       0       0       0       0       0       0       0       0       0
      Temps:          0       0       0       0       0       0       0       0       0       0       0       0       0       0       0       0       0
      Totals:         0       0       0       0       0       0       0       0       0       0       0       0       0       0       0       0       0
Total ram usage:        0 bytes
 Hardware stack levels used:    1
 Hardware stack levels required when called:    9
 This function calls:
		_ECUAL_peripherals_initialization
		_EUSART_ASYNC_INIT
 This function is called by:
		_main
 This function uses a non-reentrant model


 *************** function _EUSART_ASYNC_INIT *****************
 Defined at:
		line 33 in file "MCA_layer/USART/MCAL_USART.c"
 Parameters:    Size  Location     Type
  _usart          2   19[BANK1 ] PTR const struct .
		 -> usart_int_obj2(18), 
 Auto vars:     Size  Location     Type
  ret             1   21[BANK1 ] unsigned char 
 Return value:  Size  Location     Type
                  1    wreg      unsigned char 
 Registers used:
		wreg, fsr2l, fsr2h, status,2, status,0, cstack
 Tracked objects:
		On entry : 
		On exit  : 
		Unchanged: 
 Data sizes:     COMRAM   BANK0   BANK1   BANK2   BANK3   BANK4   BANK5   BANK6   BANK7   BANK8   BANK9  BANK10  BANK11  BANK12  BANK13  BANK14  BANK15
      Params:         0       0       2       0       0       0       0       0       0       0       0       0       0       0       0       0       0
      Locals:         0       0       1       0       0       0       0       0       0       0       0       0       0       0       0       0       0
      Temps:          0       0       0       0       0       0       0       0       0       0       0       0       0       0       0       0       0
      Totals:         0       0       3       0       0       0       0       0       0       0       0       0       0       0       0       0       0
Total ram usage:        3 bytes
 Hardware stack levels used:    1
 Hardware stack levels required when called:    7
 This function calls:
		_EUSART_ASYN_RX_CONFG
		_EUSART_ASYN_TX_CONFG
		_EUSART_BRG_CONFG
 This function is called by:
		_general_initialization
 This function uses a non-reentrant model


 *************** function _EUSART_BRG_CONFG *****************
 Defined at:
		line 239 in file "MCA_layer/USART/MCAL_USART.c"
 Parameters:    Size  Location     Type
  _usart          2    0[BANK0 ] PTR const struct .
		 -> usart_int_obj2(18), 
 Auto vars:     Size  Location     Type
  baud_rate_te    4   11[BANK1 ] float 
  ret             1   10[BANK1 ] unsigned char 
 Return value:  Size  Location     Type
                  1    wreg      unsigned char 
 Registers used:
		wreg, fsr2l, fsr2h, status,2, status,0, cstack
 Tracked objects:
		On entry : 
		On exit  : 
		Unchanged: 
 Data sizes:     COMRAM   BANK0   BANK1   BANK2   BANK3   BANK4   BANK5   BANK6   BANK7   BANK8   BANK9  BANK10  BANK11  BANK12  BANK13  BANK14  BANK15
      Params:         0       2       0       0       0       0       0       0       0       0       0       0       0       0       0       0       0
      Locals:         0       0       9       0       0       0       0       0       0       0       0       0       0       0       0       0       0
      Temps:          0       0       2       0       0       0       0       0       0       0       0       0       0       0       0       0       0
      Totals:         0       2      11       0       0       0       0       0       0       0       0       0       0       0       0       0       0
Total ram usage:       13 bytes
 Hardware stack levels used:    1
 Hardware stack levels required when called:    6
 This function calls:
		___fladd
		___fldiv
		___fltol
		___xxtofl
 This function is called by:
		_EUSART_ASYNC_INIT
 This function uses a non-reentrant model


 *************** function ___xxtofl *****************
 Defined at:
		line 10 in file "C:\Program Files\Microchip\xc8\v2.30\pic\sources\c99\common\xxtofl.c"
 Parameters:    Size  Location     Type
  sign            1    wreg     unsigned char 
  val             4   24[COMRAM] long 
 Auto vars:     Size  Location     Type
  sign            1   32[COMRAM] unsigned char 
  arg             4   34[COMRAM] unsigned long 
  exp             1   33[COMRAM] unsigned char 
 Return value:  Size  Location     Type
                  4   24[COMRAM] unsigned char 
 Registers used:
		wreg, status,2, status,0
 Tracked objects:
		On entry : 
		On exit  : 
		Unchanged: 
 Data sizes:     COMRAM   BANK0   BANK1   BANK2   BANK3   BANK4   BANK5   BANK6   BANK7   BANK8   BANK9  BANK10  BANK11  BANK12  BANK13  BANK14  BANK15
      Params:         4       0       0       0       0       0       0       0       0       0       0       0       0       0       0       0       0
      Locals:         6       0       0       0       0       0       0       0       0       0       0       0       0       0       0       0       0
      Temps:          4       0       0       0       0       0       0       0       0       0       0       0       0       0       0       0       0
      Totals:        14       0       0       0       0       0       0       0       0       0       0       0       0       0       0       0       0
Total ram usage:       14 bytes
 Hardware stack levels used:    1
 Hardware stack levels required when called:    5
 This function calls:
		Nothing
 This function is called by:
		_EUSART_BRG_CONFG
		_CCP_PWM_set_duty_cycle
		_CCP_PWM_mod_confg
 This function uses a non-reentrant model


 *************** function ___fltol *****************
 Defined at:
		line 43 in file "C:\Program Files\Microchip\xc8\v2.30\pic\sources\c99\common\fltol.c"
 Parameters:    Size  Location     Type
  f1              4   24[COMRAM] unsigned char 
 Auto vars:     Size  Location     Type
  exp1            1   33[COMRAM] unsigned char 
  sign1           1   32[COMRAM] unsigned char 
 Return value:  Size  Location     Type
                  4   24[COMRAM] long 
 Registers used:
		wreg, status,2, status,0
 Tracked objects:
		On entry : 
		On exit  : 
		Unchanged: 
 Data sizes:     COMRAM   BANK0   BANK1   BANK2   BANK3   BANK4   BANK5   BANK6   BANK7   BANK8   BANK9  BANK10  BANK11  BANK12  BANK13  BANK14  BANK15
      Params:         4       0       0       0       0       0       0       0       0       0       0       0       0       0       0       0       0
      Locals:         2       0       0       0       0       0       0       0       0       0       0       0       0       0       0       0       0
      Temps:          4       0       0       0       0       0       0       0       0       0       0       0       0       0       0       0       0
      Totals:        10       0       0       0       0       0       0       0       0       0       0       0       0       0       0       0       0
Total ram usage:       10 bytes
 Hardware stack levels used:    1
 Hardware stack levels required when called:    5
 This function calls:
		Nothing
 This function is called by:
		_EUSART_BRG_CONFG
		_CCP_PWM_set_duty_cycle
		_CCP_PWM_mod_confg
 This function uses a non-reentrant model


 *************** function ___fldiv *****************
 Defined at:
		line 11 in file "C:\Program Files\Microchip\xc8\v2.30\pic\sources\c99\common\sprcdiv.c"
 Parameters:    Size  Location     Type
  b               4   38[COMRAM] long 
  a               4   42[COMRAM] long 
 Auto vars:     Size  Location     Type
  grs             4   57[COMRAM] unsigned long 
  rem             4   50[COMRAM] unsigned long 
  new_exp         2   55[COMRAM] short 
  aexp            1   62[COMRAM] unsigned char 
  bexp            1   61[COMRAM] unsigned char 
  sign            1   54[COMRAM] unsigned char 
 Return value:  Size  Location     Type
                  4   38[COMRAM] unsigned char 
 Registers used:
		wreg, status,2, status,0
 Tracked objects:
		On entry : 
		On exit  : 
		Unchanged: 
 Data sizes:     COMRAM   BANK0   BANK1   BANK2   BANK3   BANK4   BANK5   BANK6   BANK7   BANK8   BANK9  BANK10  BANK11  BANK12  BANK13  BANK14  BANK15
      Params:         8       0       0       0       0       0       0       0       0       0       0       0       0       0       0       0       0
      Locals:        13       0       0       0       0       0       0       0       0       0       0       0       0       0       0       0       0
      Temps:          4       0       0       0       0       0       0       0       0       0       0       0       0       0       0       0       0
      Totals:        25       0       0       0       0       0       0       0       0       0       0       0       0       0       0       0       0
Total ram usage:       25 bytes
 Hardware stack levels used:    1
 Hardware stack levels required when called:    5
 This function calls:
		Nothing
 This function is called by:
		_EUSART_BRG_CONFG
		_CCP_PWM_set_duty_cycle
		_CCP_PWM_mod_confg
 This function uses a non-reentrant model


 *************** function ___fladd *****************
 Defined at:
		line 10 in file "C:\Program Files\Microchip\xc8\v2.30\pic\sources\c99\common\sprcadd.c"
 Parameters:    Size  Location     Type
  b               4   63[COMRAM] unsigned char 
  a               4   67[COMRAM] unsigned char 
 Auto vars:     Size  Location     Type
  grs             1    7[BANK1 ] unsigned char 
  bexp            1    6[BANK1 ] unsigned char 
  aexp            1    5[BANK1 ] unsigned char 
  signs           1    4[BANK1 ] unsigned char 
 Return value:  Size  Location     Type
                  4   63[COMRAM] unsigned char 
 Registers used:
		wreg, status,2, status,0
 Tracked objects:
		On entry : 
		On exit  : 
		Unchanged: 
 Data sizes:     COMRAM   BANK0   BANK1   BANK2   BANK3   BANK4   BANK5   BANK6   BANK7   BANK8   BANK9  BANK10  BANK11  BANK12  BANK13  BANK14  BANK15
      Params:         8       0       0       0       0       0       0       0       0       0       0       0       0       0       0       0       0
      Locals:         0       0       4       0       0       0       0       0       0       0       0       0       0       0       0       0       0
      Temps:          0       0       4       0       0       0       0       0       0       0       0       0       0       0       0       0       0
      Totals:         8       0       8       0       0       0       0       0       0       0       0       0       0       0       0       0       0
Total ram usage:       16 bytes
 Hardware stack levels used:    1
 Hardware stack levels required when called:    5
 This function calls:
		Nothing
 This function is called by:
		_EUSART_BRG_CONFG
		_CCP_PWM_mod_confg
 This function uses a non-reentrant model


 *************** function _EUSART_ASYN_TX_CONFG *****************
 Defined at:
		line 315 in file "MCA_layer/USART/MCAL_USART.c"
 Parameters:    Size  Location     Type
  _usart          2   24[COMRAM] PTR const struct .
		 -> usart_int_obj2(18), 
 Auto vars:     Size  Location     Type
  ret             1   26[COMRAM] unsigned char 
 Return value:  Size  Location     Type
                  1    wreg      unsigned char 
 Registers used:
		wreg, fsr2l, fsr2h, status,2, status,0
 Tracked objects:
		On entry : 
		On exit  : 
		Unchanged: 
 Data sizes:     COMRAM   BANK0   BANK1   BANK2   BANK3   BANK4   BANK5   BANK6   BANK7   BANK8   BANK9  BANK10  BANK11  BANK12  BANK13  BANK14  BANK15
      Params:         2       0       0       0       0       0       0       0       0       0       0       0       0       0       0       0       0
      Locals:         1       0       0       0       0       0       0       0       0       0       0       0       0       0       0       0       0
      Temps:          0       0       0       0       0       0       0       0       0       0       0       0       0       0       0       0       0
      Totals:         3       0       0       0       0       0       0       0       0       0       0       0       0       0       0       0       0
Total ram usage:        3 bytes
 Hardware stack levels used:    1
 Hardware stack levels required when called:    5
 This function calls:
		Nothing
 This function is called by:
		_EUSART_ASYNC_INIT
 This function uses a non-reentrant model


 *************** function _EUSART_ASYN_RX_CONFG *****************
 Defined at:
		line 412 in file "MCA_layer/USART/MCAL_USART.c"
 Parameters:    Size  Location     Type
  _usart          2   24[COMRAM] PTR const struct .
		 -> usart_int_obj2(18), 
 Auto vars:     Size  Location     Type
  ret             1   26[COMRAM] unsigned char 
 Return value:  Size  Location     Type
                  1    wreg      unsigned char 
 Registers used:
		wreg, fsr2l, fsr2h, status,2, status,0
 Tracked objects:
		On entry : 
		On exit  : 
		Unchanged: 
 Data sizes:     COMRAM   BANK0   BANK1   BANK2   BANK3   BANK4   BANK5   BANK6   BANK7   BANK8   BANK9  BANK10  BANK11  BANK12  BANK13  BANK14  BANK15
      Params:         2       0       0       0       0       0       0       0       0       0       0       0       0       0       0       0       0
      Locals:         1       0       0       0       0       0       0       0       0       0       0       0       0       0       0       0       0
      Temps:          0       0       0       0       0       0       0       0       0       0       0       0       0       0       0       0       0
      Totals:         3       0       0       0       0       0       0       0       0       0       0       0       0       0       0       0       0
Total ram usage:        3 bytes
 Hardware stack levels used:    1
 Hardware stack levels required when called:    5
 This function calls:
		Nothing
 This function is called by:
		_EUSART_ASYNC_INIT
 This function uses a non-reentrant model


 *************** function _ECUAL_peripherals_initialization *****************
 Defined at:
		line 98 in file "ECUA_layer/ecual_layer_initalization.c"
 Parameters:    Size  Location     Type
		None
 Auto vars:     Size  Location     Type
  ret             1    0        unsigned char 
 Return value:  Size  Location     Type
                  1    wreg      void 
 Registers used:
		wreg, fsr2l, fsr2h, status,2, status,0, prodl, prodh, cstack
 Tracked objects:
		On entry : 
		On exit  : 
		Unchanged: 
 Data sizes:     COMRAM   BANK0   BANK1   BANK2   BANK3   BANK4   BANK5   BANK6   BANK7   BANK8   BANK9  BANK10  BANK11  BANK12  BANK13  BANK14  BANK15
      Params:         0       0       0       0       0       0       0       0       0       0       0       0       0       0       0       0       0
      Locals:         1       0       0       0       0       0       0       0       0       0       0       0       0       0       0       0       0
      Temps:          0       0       0       0       0       0       0       0       0       0       0       0       0       0       0       0       0
      Totals:         1       0       0       0       0       0       0       0       0       0       0       0       0       0       0       0       0
Total ram usage:        1 bytes
 Hardware stack levels used:    1
 Hardware stack levels required when called:    8
 This function calls:
		_led_intialize
 This function is called by:
		_general_initialization
 This function uses a non-reentrant model


 *************** function _led_intialize *****************
 Defined at:
		line 20 in file "ECUA_layer/LED/ECUAL_led.c"
 Parameters:    Size  Location     Type
  led_confg       2   38[COMRAM] PTR const struct .
		 -> led1(1), 
 Auto vars:     Size  Location     Type
  pin_confg       1   42[COMRAM] struct .
  ret             1   41[COMRAM] unsigned char 
 Return value:  Size  Location     Type
                  1    wreg      unsigned char 
 Registers used:
		wreg, fsr2l, fsr2h, status,2, status,0, prodl, prodh, cstack
 Tracked objects:
		On entry : 
		On exit  : 
		Unchanged: 
 Data sizes:     COMRAM   BANK0   BANK1   BANK2   BANK3   BANK4   BANK5   BANK6   BANK7   BANK8   BANK9  BANK10  BANK11  BANK12  BANK13  BANK14  BANK15
      Params:         2       0       0       0       0       0       0       0       0       0       0       0       0       0       0       0       0
      Locals:         2       0       0       0       0       0       0       0       0       0       0       0       0       0       0       0       0
      Temps:          1       0       0       0       0       0       0       0       0       0       0       0       0       0       0       0       0
      Totals:         5       0       0       0       0       0       0       0       0       0       0       0       0       0       0       0       0
Total ram usage:        5 bytes
 Hardware stack levels used:    1
 Hardware stack levels required when called:    7
 This function calls:
		_gpio_pin__ALL_initaliztion
 This function is called by:
		_ECUAL_peripherals_initialization
 This function uses a non-reentrant model


 *************** function _gpio_pin__ALL_initaliztion *****************
 Defined at:
		line 188 in file "MCA_layer/GPIO/mcal_GPIO.c"
 Parameters:    Size  Location     Type
  pin_confg       2   34[COMRAM] PTR const struct .
		 -> relay_initialization@pin_confg(1), led_intialize@pin_confg(1), 
 Auto vars:     Size  Location     Type
  ret             1   37[COMRAM] unsigned char 
 Return value:  Size  Location     Type
                  1    wreg      unsigned char 
 Registers used:
		wreg, fsr2l, fsr2h, status,2, status,0, prodl, prodh, cstack
 Tracked objects:
		On entry : 
		On exit  : 
		Unchanged: 
 Data sizes:     COMRAM   BANK0   BANK1   BANK2   BANK3   BANK4   BANK5   BANK6   BANK7   BANK8   BANK9  BANK10  BANK11  BANK12  BANK13  BANK14  BANK15
[...]
 Registers used:
		None
 Tracked objects:
		On entry : 
		On exit  : 
		Unchanged: 
 Data sizes:     COMRAM   BANK0   BANK1   BANK2   BANK3   BANK4   BANK5   BANK6   BANK7   BANK8   BANK9  BANK10  BANK11  BANK12  BANK13  BANK14  BANK15
      Params:         0       0       0       0       0       0       0       0       0       0       0       0       0       0       0       0       0
      Locals:         0       0       0       0       0       0       0       0       0       0       0       0       0       0       0       0       0
      Temps:          0       0       0       0       0       0       0       0       0       0       0       0       0       0       0       0       0
      Totals:         0       0       0       0       0       0       0       0       0       0       0       0       0       0       0       0       0
Total ram usage:        0 bytes
 Hardware stack levels used:    1
 This function calls:
		Nothing
 This function is called by:
		_INTERRUPT_MANGER
 This function uses a non-reentrant model


 *************** function _RB6_ISR_HIGH *****************
 Defined at:
		line 102 in file "MCA_layer/interrupt/mcal_external_inrerrupt.c"
 Parameters:    Size  Location     Type
		None
 Auto vars:     Size  Location     Type
		None
 Return value:  Size  Location     Type
                  1    wreg      void 
 Registers used:
		None
 Tracked objects:
		On entry : 
		On exit  : 
		Unchanged: 
 Data sizes:     COMRAM   BANK0   BANK1   BANK2   BANK3   BANK4   BANK5   BANK6   BANK7   BANK8   BANK9  BANK10  BANK11  BANK12  BANK13  BANK14  BANK15
      Params:         0       0       0       0       0       0       0       0       0       0       0       0       0       0       0       0       0
      Locals:         0       0       0       0       0       0       0       0       0       0       0       0       0       0       0       0       0
      Temps:          0       0       0       0       0       0       0       0       0       0       0       0       0       0       0       0       0
      Totals:         0       0       0       0       0       0       0       0       0       0       0       0       0       0       0       0       0
Total ram usage:        0 bytes
 Hardware stack levels used:    1
 This function calls:
		Nothing
 This function is called by:
		_INTERRUPT_MANGER
 This function uses a non-reentrant model


 *************** function _RB5_ISR_LOW *****************
 Defined at:
		line 94 in file "MCA_layer/interrupt/mcal_external_inrerrupt.c"
 Parameters:    Size  Location     Type
		None
 Auto vars:     Size  Location     Type
		None
 Return value:  Size  Location     Type
                  1    wreg      void 
 Registers used:
		None
 Tracked objects:
		On entry : 
		On exit  : 
		Unchanged: 
 Data sizes:     COMRAM   BANK0   BANK1   BANK2   BANK3   BANK4   BANK5   BANK6   BANK7   BANK8   BANK9  BANK10  BANK11  BANK12  BANK13  BANK14  BANK15
      Params:         0       0       0       0       0       0       0       0       0       0       0       0       0       0       0       0       0
      Locals:         0       0       0       0       0       0       0       0       0       0       0       0       0       0       0       0       0
      Temps:          0       0       0       0       0       0       0       0       0       0       0       0       0       0       0       0       0
      Totals:         0       0       0       0       0       0       0       0       0       0       0       0       0       0       0       0       0
Total ram usage:        0 bytes
 Hardware stack levels used:    1
 This function calls:
		Nothing
 This function is called by:
		_INTERRUPT_MANGER
 This function uses a non-reentrant model


 *************** function _RB5_ISR_HIGH *****************
 Defined at:
		line 86 in file "MCA_layer/interrupt/mcal_external_inrerrupt.c"
 Parameters:    Size  Location     Type
		None
 Auto vars:     Size  Location     Type
		None
 Return value:  Size  Location     Type
                  1    wreg      void 
 Registers used:
		None
 Tracked objects:
		On entry : 
		On exit  : 
		Unchanged: 
 Data sizes:     COMRAM   BANK0   BANK1   BANK2   BANK3   BANK4   BANK5   BANK6   BANK7   BANK8   BANK9  BANK10  BANK11  BANK12  BANK13  BANK14  BANK15
      Params:         0       0       0       0       0       0       0       0       0       0       0       0       0       0       0       0       0
      Locals:         0       0       0       0       0       0       0       0       0       0       0       0       0       0       0       0       0
      Temps:          0       0       0       0       0       0       0       0       0       0       0       0       0       0       0       0       0
      Totals:         0       0       0       0       0       0       0       0       0       0       0       0       0       0       0       0       0
Total ram usage:        0 bytes
 Hardware stack levels used:    1
 This function calls:
		Nothing
 This function is called by:
		_INTERRUPT_MANGER
 This function uses a non-reentrant model


 *************** function _RB4_ISR_LOW *****************
 Defined at:
		line 78 in file "MCA_layer/interrupt/mcal_external_inrerrupt.c"
 Parameters:    Size  Location     Type
		None
 Auto vars:     Size  Location     Type
		None
 Return value:  Size  Location     Type
                  1    wreg      void 
 Registers used:
		None
 Tracked objects:
		On entry : 
		On exit  : 
		Unchanged: 
 Data sizes:     COMRAM   BANK0   BANK1   BANK2   BANK3   BANK4   BANK5   BANK6   BANK7   BANK8   BANK9  BANK10  BANK11  BANK12  BANK13  BANK14  BANK15
      Params:         0       0       0       0       0       0       0       0       0       0       0       0       0       0       0       0       0
      Locals:         0       0       0       0       0       0       0       0       0       0       0       0       0       0       0       0       0
      Temps:          0       0       0       0       0       0       0       0       0       0       0       0       0       0       0       0       0
      Totals:         0       0       0       0       0       0       0       0       0       0       0       0       0       0       0       0       0
Total ram usage:        0 bytes
 Hardware stack levels used:    1
 This function calls:
		Nothing
 This function is called by:
		_INTERRUPT_MANGER
 This function uses a non-reentrant model


 *************** function _RB4_ISR_HIGH *****************
 Defined at:
		line 70 in file "MCA_layer/interrupt/mcal_external_inrerrupt.c"
 Parameters:    Size  Location     Type
		None
 Auto vars:     Size  Location     Type
		None
 Return value:  Size  Location     Type
                  1    wreg      void 
 Registers used:
		None
 Tracked objects:
		On entry : 
		On exit  : 
		Unchanged: 
 Data sizes:     COMRAM   BANK0   BANK1   BANK2   BANK3   BANK4   BANK5   BANK6   BANK7   BANK8   BANK9  BANK10  BANK11  BANK12  BANK13  BANK14  BANK15
      Params:         0       0       0       0       0       0       0       0       0       0       0       0       0       0       0       0       0
      Locals:         0       0       0       0       0       0       0       0       0       0       0       0       0       0       0       0       0
      Temps:          0       0       0       0       0       0       0       0       0       0       0       0       0       0       0       0       0
      Totals:         0       0       0       0       0       0       0       0       0       0       0       0       0       0       0       0       0
Total ram usage:        0 bytes
 Hardware stack levels used:    1
 This function calls:
		Nothing
 This function is called by:
		_INTERRUPT_MANGER
 This function uses a non-reentrant model


 *************** function _INT2_ISR *****************
 Defined at:
		line 49 in file "MCA_layer/interrupt/mcal_external_inrerrupt.c"
 Parameters:    Size  Location     Type
		None
 Auto vars:     Size  Location     Type
		None
 Return value:  Size  Location     Type
                  1    wreg      void 
 Registers used:
		None
 Tracked objects:
		On entry : 
		On exit  : 
		Unchanged: 
 Data sizes:     COMRAM   BANK0   BANK1   BANK2   BANK3   BANK4   BANK5   BANK6   BANK7   BANK8   BANK9  BANK10  BANK11  BANK12  BANK13  BANK14  BANK15
      Params:         0       0       0       0       0       0       0       0       0       0       0       0       0       0       0       0       0
      Locals:         0       0       0       0       0       0       0       0       0       0       0       0       0       0       0       0       0
      Temps:          0       0       0       0       0       0       0       0       0       0       0       0       0       0       0       0       0
      Totals:         0       0       0       0       0       0       0       0       0       0       0       0       0       0       0       0       0
Total ram usage:        0 bytes
 Hardware stack levels used:    1
 This function calls:
		Nothing
 This function is called by:
		_INTERRUPT_MANGER
 This function uses a non-reentrant model


 *************** function _INT1_ISR *****************
 Defined at:
		line 41 in file "MCA_layer/interrupt/mcal_external_inrerrupt.c"
 Parameters:    Size  Location     Type
		None
 Auto vars:     Size  Location     Type
		None
 Return value:  Size  Location     Type
                  1    wreg      void 
 Registers used:
		None
 Tracked objects:
		On entry : 
		On exit  : 
		Unchanged: 
 Data sizes:     COMRAM   BANK0   BANK1   BANK2   BANK3   BANK4   BANK5   BANK6   BANK7   BANK8   BANK9  BANK10  BANK11  BANK12  BANK13  BANK14  BANK15
      Params:         0       0       0       0       0       0       0       0       0       0       0       0       0       0       0       0       0
      Locals:         0       0       0       0       0       0       0       0       0       0       0       0       0       0       0       0       0
      Temps:          0       0       0       0       0       0       0       0       0       0       0       0       0       0       0       0       0
      Totals:         0       0       0       0       0       0       0       0       0       0       0       0       0       0       0       0       0
Total ram usage:        0 bytes
 Hardware stack levels used:    1
 This function calls:
		Nothing
 This function is called by:
		_INTERRUPT_MANGER
 This function uses a non-reentrant model


 *************** function _INT0_ISR *****************
 Defined at:
		line 33 in file "MCA_layer/interrupt/mcal_external_inrerrupt.c"
 Parameters:    Size  Location     Type
		None
 Auto vars:     Size  Location     Type
		None
 Return value:  Size  Location     Type
                  1    wreg      void 
 Registers used:
		None
 Tracked objects:
		On entry : 
		On exit  : 
		Unchanged: 
 Data sizes:     COMRAM   BANK0   BANK1   BANK2   BANK3   BANK4   BANK5   BANK6   BANK7   BANK8   BANK9  BANK10  BANK11  BANK12  BANK13  BANK14  BANK15
      Params:         0       0       0       0       0       0       0       0       0       0       0       0       0       0       0       0       0
      Locals:         0       0       0       0       0       0       0       0       0       0       0       0       0       0       0       0       0
      Temps:          0       0       0       0       0       0       0       0       0       0       0       0       0       0       0       0       0
      Totals:         0       0       0       0       0       0       0       0       0       0       0       0       0       0       0       0       0
Total ram usage:        0 bytes
 Hardware stack levels used:    1
 This function calls:
		Nothing
 This function is called by:
		_INTERRUPT_MANGER
 This function uses a non-reentrant model


 *************** function _CCP2_ISR *****************
 Defined at:
		line 709 in file "MCA_layer/CCP1/Mcal_CCP1.c"
 Parameters:    Size  Location     Type
		None
 Auto vars:     Size  Location     Type
		None
 Return value:  Size  Location     Type
                  1    wreg      void 
 Registers used:
		None
 Tracked objects:
		On entry : 
		On exit  : 
		Unchanged: 
 Data sizes:     COMRAM   BANK0   BANK1   BANK2   BANK3   BANK4   BANK5   BANK6   BANK7   BANK8   BANK9  BANK10  BANK11  BANK12  BANK13  BANK14  BANK15
      Params:         0       0       0       0       0       0       0       0       0       0       0       0       0       0       0       0       0
      Locals:         0       0       0       0       0       0       0       0       0       0       0       0       0       0       0       0       0
      Temps:          0       0       0       0       0       0       0       0       0       0       0       0       0       0       0       0       0
      Totals:         0       0       0       0       0       0       0       0       0       0       0       0       0       0       0       0       0
Total ram usage:        0 bytes
 Hardware stack levels used:    1
 This function calls:
		Nothing
 This function is called by:
		_INTERRUPT_MANGER
 This function uses a non-reentrant model


 *************** function _CCP1_ISR *****************
 Defined at:
		line 694 in file "MCA_layer/CCP1/Mcal_CCP1.c"
 Parameters:    Size  Location     Type
		None
 Auto vars:     Size  Location     Type
		None
 Return value:  Size  Location     Type
                  1    wreg      void 
 Registers used:
		None
 Tracked objects:
		On entry : 
		On exit  : 
		Unchanged: 
 Data sizes:     COMRAM   BANK0   BANK1   BANK2   BANK3   BANK4   BANK5   BANK6   BANK7   BANK8   BANK9  BANK10  BANK11  BANK12  BANK13  BANK14  BANK15
      Params:         0       0       0       0       0       0       0       0       0       0       0       0       0       0       0       0       0
      Locals:         0       0       0       0       0       0       0       0       0       0       0       0       0       0       0       0       0
      Temps:          0       0       0       0       0       0       0       0       0       0       0       0       0       0       0       0       0
      Totals:         0       0       0       0       0       0       0       0       0       0       0       0       0       0       0       0       0
Total ram usage:        0 bytes
 Hardware stack levels used:    1
 This function calls:
		Nothing
 This function is called by:
		_INTERRUPT_MANGER
 This function uses a non-reentrant model


 *************** function _ADC_ISR *****************
 Defined at:
		line 357 in file "MCA_layer/ADC/MCAL_ADC.c"
 Parameters:    Size  Location     Type
		None
 Auto vars:     Size  Location     Type
		None
 Return value:  Size  Location     Type
                  1    wreg      void 
 Registers used:
		wreg, status,2, status,0
 Tracked objects:
		On entry : 
		On exit  : 
		Unchanged: 
 Data sizes:     COMRAM   BANK0   BANK1   BANK2   BANK3   BANK4   BANK5   BANK6   BANK7   BANK8   BANK9  BANK10  BANK11  BANK12  BANK13  BANK14  BANK15
      Params:         0       0       0       0       0       0       0       0       0       0       0       0       0       0       0       0       0
      Locals:         0       0       0       0       0       0       0       0       0       0       0       0       0       0       0       0       0
      Temps:          0       0       0       0       0       0       0       0       0       0       0       0       0       0       0       0       0
      Totals:         0       0       0       0       0       0       0       0       0       0       0       0       0       0       0       0       0
Total ram usage:        0 bytes
 Hardware stack levels used:    1
 This function calls:
		Nothing
 This function is called by:
		_INTERRUPT_MANGER
 This function uses a non-reentrant model



MODULE INFORMATION

Module		Function		Class		Link	Load	Size
C:\Program Files\Microchip\xc8\v2.30\pic\sources\c99\common\sprcdiv.c
		___fldiv       		CODE           	1DA2	0000	922

C:\Program Files\Microchip\xc8\v2.30\pic\sources\c99\common\sprcdiv.c estimated size: 922

MCA_layer/GPIO/mcal_GPIO.c
		_gpio_pin_write_logic		CODE           	2452	0000	330
		_gpio_pin_direction_initalize		CODE           	22F0	0000	354
		_gpio_pin__ALL_initaliztion		CODE           	2B56	0000	138

MCA_layer/GPIO/mcal_GPIO.c estimated size: 822

application_main.c
		_main          		CODE           	2F50	0000	12
		_EUSART_FERROR_ISR_APP		CODE           	2FA8	0000	4
		_EUSART_OERROR_ISR_APP		CODE           	2F8A	0000	10
		_general_initialization		CODE           	2F1A	0000	24
		_EUSART_RX_ISR_APP		CODE           	29F2	0000	196

application_main.c estimated size: 246

ECUA_layer/ecual_layer_initalization.c
		_ECUAL_peripherals_initialization		CODE           	2F42	0000	14

ECUA_layer/ecual_layer_initalization.c estimated size: 14

MCA_layer/TIMER2/MCAL_TIMER2.c
		_TIMER2_ISR    		CODE           	2F9C	0000	8

MCA_layer/TIMER2/MCAL_TIMER2.c estimated size: 8

C:\Program Files\Microchip\xc8\v2.30\pic\sources\c99\common\sprcadd.c
		___fladd       		CODE           	151A	0000	1218

C:\Program Files\Microchip\xc8\v2.30\pic\sources\c99\common\sprcadd.c estimated size: 1218

MCA_layer/TIMER0/MCAL_TIMER0.c
		_TIMER0_ISR    		CODE           	2F74	0000	12

MCA_layer/TIMER0/MCAL_TIMER0.c estimated size: 12

C:\Program Files\Microchip\xc8\v2.30\pic\sources\c99\common\fltol.c
		___fltol       		CODE           	27F8	0000	262

C:\Program Files\Microchip\xc8\v2.30\pic\sources\c99\common\fltol.c estimated size: 262

C:\Program Files\Microchip\xc8\v2.30\pic\sources\c99\common\xxtofl.c
		___xxtofl      		CODE           	213C	0000	436

C:\Program Files\Microchip\xc8\v2.30\pic\sources\c99\common\xxtofl.c estimated size: 436

shared
		__initialization		CODE           	2CE8	0000	120
		i2_gpio_pin_write_logic		CODE           	259C	0000	320

shared estimated size: 440

MCA_layer/interrupt/mcal_inrerrupt_manger.c
		_INTERRUPT_MANGER		CODE           	0008	0000	972

MCA_layer/interrupt/mcal_inrerrupt_manger.c estimated size: 972

MCA_layer/ADC/MCAL_ADC.c
		_ADC_ISR       		CODE           	2FE0	0000	2

MCA_layer/ADC/MCAL_ADC.c estimated size: 2

ECUA_layer/LED/ECUAL_led.c
		_led_turn_on   		CODE           	2BE0	0000	132
		_led_turn_off  		CODE           	2C64	0000	132
		_led_intialize 		CODE           	2D6A	0000	128

ECUA_layer/LED/ECUAL_led.c estimated size: 392

MCA_layer/TIMER3/MCAL_TIMER3.c
		_TIMER3_ISR    		CODE           	2F5C	0000	12

MCA_layer/TIMER3/MCAL_TIMER3.c estimated size: 12

MCA_layer/interrupt/mcal_external_inrerrupt.c
		_RB4_ISR_LOW   		CODE           	2FC4	0000	4
		_RB4_ISR_HIGH  		CODE           	2FC8	0000	4
		_RB5_ISR_LOW   		CODE           	2FBC	0000	4
		_RB5_ISR_HIGH  		CODE           	2FC0	0000	4
		_RB6_ISR_LOW   		CODE           	2FB4	0000	4
		_RB6_ISR_HIGH  		CODE           	2FB8	0000	4
		_RB7_ISR_LOW   		CODE           	2FAC	0000	4
		_RB7_ISR_HIGH  		CODE           	2FB0	0000	4
		_INT0_ISR      		CODE           	2FD4	0000	4
		_INT1_ISR      		CODE           	2FD0	0000	4
		_INT2_ISR      		CODE           	2FCC	0000	4

MCA_layer/interrupt/mcal_external_inrerrupt.c estimated size: 44

MCA_layer/TIMER1/MCAL_TIMER1.c
		_TIMER1_ISR    		CODE           	2F68	0000	12

MCA_layer/TIMER1/MCAL_TIMER1.c estimated size: 12

MCA_layer/CCP1/Mcal_CCP1.c
		_CCP1_ISR      		CODE           	2FDC	0000	4
		_CCP2_ISR      		CODE           	2FD8	0000	4

MCA_layer/CCP1/Mcal_CCP1.c estimated size: 8

MCA_layer/USART/MCAL_USART.c
		_USART_ASYN_RX_ISR		CODE           	2AB6	0000	160
		_USART_ASYN_TX_ISR		CODE           	2FA4	0000	4
		_EUSART_ASYNC_RX_RESET		CODE           	2F94	0000	8
		_EUSART_ASYN_RX_CONFG		CODE           	26DC	0000	284
		_EUSART_ASYN_TX_CONFG		CODE           	28FE	0000	244
		_EUSART_ASYNC_READBYTE_NON_blocking		CODE           	2E96	0000	78
		_EUSART_ASYNC_INIT		CODE           	2DEA	0000	88
		_EUSART_BRG_CONFG		CODE           	1006	0000	1300
		_EUSART_ASYNC_WRITEBYTE_blocking		CODE           	2EE4	0000	54

MCA_layer/USART/MCAL_USART.c estimated size: 2220

